error: expected enum or match expression
  --> tests/02-not-enum.rs:31:1
   |
31 | #[sorted]
   | ^^^^^^^^^
   |
   = note: this error originates in the attribute macro `sorted` (in Nightly builds, run with -Z macro-backtrace for more info)
