error: Dyn should sort before Fmt
  --> tests/04-variants-with-data.rs:19:5
   |
19 |     Dyn(Box<dyn StdError>),
   |     ^^^
